22:02:19 00 start
22:03:52 01 fetch done
22:03:59 02a header
22:04:25 02b cc
22:05:09 02c papers 1-5
22:05:50 02d papers 6-10
22:06:06 02e highlights
22:06:46 03 github
22:07:12 04 discord main
22:08:13 05.1 paper 1 arxiv posted
22:09:05 05.2 paper 2 arxiv posted
22:10:07 05.3 paper 3 arxiv posted
22:11:05 05.4 paper 4 arxiv posted
22:12:04 05.5 paper 5 arxiv posted
22:06:53 03 github
22:07:19 04 discord main
22:08:14 05.1 paper 1 arxiv posted
22:09:05 05.2 paper 2 arxiv posted
22:09:57 05.3 paper 3 arxiv posted
22:10:48 05.4 paper 4 arxiv posted
22:11:40 05.5 paper 5 arxiv posted
